// Jest Snapshot v1, https://goo.gl/fbAQLP

exports[`Logo should match snapshot 1`] = `
.c0 {
  display: flex;
  align-items: center;
  justify-content: flex-start;
}

.c1 {
  height: 1.875rem;
}

.c2 {
  margin-left: 0.25rem;
  font-size: 1.625rem;
  font-weight: 700;
  --tw-text-opacity: 1;
  color: rgb(255 255 255 / var(--tw-text-opacity));
}

<div>
  <div
    class="c0"
    data-testid="logo"
  >
    <img
      alt="Logo"
      class="c1"
      data-nimg="1"
      decoding="async"
      height="30"
      loading="lazy"
      src="logo.svg"
      style="color: transparent;"
      width="40"
    />
    <div
      class="c2"
      data-testid="logo-name"
    >
      CAR RENT
    </div>
  </div>
</div>
`;
