// Jest Snapshot v1, https://goo.gl/fbAQLP

exports[`CustomTooltip should match snapshot 1`] = `
.c0 {
  border-radius: 0.125rem;
  background-color: rgba(255, 255, 255, 0.8);
  padding: 0.5rem;
  --tw-shadow: 0 1px 3px 0 rgb(0 0 0 / 0.1),0 1px 2px -1px rgb(0 0 0 / 0.1);
  --tw-shadow-colored: 0 1px 3px 0 var(--tw-shadow-color),0 1px 2px -1px var(--tw-shadow-color);
  box-shadow: var(--tw-ring-offset-shadow, 0 0 #0000),var(--tw-ring-shadow, 0 0 #0000),var(--tw-shadow);
}

.c1 {
  font-size: 1.125rem;
  line-height: 1.75rem;
}

.c2 {
  font-weight: 300;
}

.c3 {
  font-weight: 300;
}

<div>
  <div
    class="c0"
    data-testid="custom-tooltip"
  >
    <p
      class="c1"
    >
      January
    </p>
    <p
      class="c2"
    >
      2001: $10K
    </p>
    <p
      class="c3"
    >
      2000: $15K
    </p>
  </div>
</div>
`;
