// Jest Snapshot v1, https://goo.gl/fbAQLP

exports[`Line Chart should match snapshot 1`] = `
.c0 {
  overflow-x: scroll;
}

@media (min-width: 640px) {
  .c0 {
    overflow-x: auto;
  }
}

<div>
  <div
    class="c0"
  >
    <div
      class="recharts-wrapper"
      role="region"
      style="position: relative; cursor: default; width: 500px; height: 250px;"
    >
      <svg
        class="recharts-surface"
        height="250"
        viewBox="0 0 500 250"
        width="500"
      >
        <title />
        <desc />
        <defs>
          <clippath
            id="recharts1-clip"
          >
            <rect
              height="185"
              width="440"
              x="60"
              y="10"
            />
          </clippath>
        </defs>
        <g
          class="recharts-layer recharts-cartesian-axis recharts-xAxis xAxis"
        >
          <g
            class="recharts-cartesian-axis-ticks"
          >
            <g
              class="recharts-layer recharts-cartesian-axis-tick"
            >
              <text
                class="recharts-text recharts-cartesian-axis-tick-value"
                fill="#666"
                height="30"
                orientation="bottom"
                stroke="none"
                text-anchor="middle"
                width="440"
                x="60"
                y="228"
              >
                <tspan
                  dy="0.71em"
                  x="60"
                />
              </text>
            </g>
            <g
              class="recharts-layer recharts-cartesian-axis-tick"
            >
              <text
                class="recharts-text recharts-cartesian-axis-tick-value"
                fill="#666"
                height="30"
                orientation="bottom"
                stroke="none"
                text-anchor="middle"
                width="440"
                x="108.88888888888889"
                y="228"
              >
                <tspan
                  dy="0.71em"
                  x="108.88888888888889"
                />
              </text>
            </g>
            <g
              class="recharts-layer recharts-cartesian-axis-tick"
            >
              <text
                class="recharts-text recharts-cartesian-axis-tick-value"
                fill="#666"
                height="30"
                orientation="bottom"
                stroke="none"
                text-anchor="middle"
                width="440"
                x="157.77777777777777"
                y="228"
              >
                <tspan
                  dy="0.71em"
                  x="157.77777777777777"
                />
              </text>
            </g>
            <g
              class="recharts-layer recharts-cartesian-axis-tick"
            >
              <text
                class="recharts-text recharts-cartesian-axis-tick-value"
                fill="#666"
                height="30"
                orientation="bottom"
                stroke="none"
                text-anchor="middle"
                width="440"
                x="206.66666666666666"
                y="228"
              >
                <tspan
                  dy="0.71em"
                  x="206.66666666666666"
                />
              </text>
            </g>
            <g
              class="recharts-layer recharts-cartesian-axis-tick"
            >
              <text
                class="recharts-text recharts-cartesian-axis-tick-value"
                fill="#666"
                height="30"
                orientation="bottom"
                stroke="none"
                text-anchor="middle"
                width="440"
                x="255.55555555555554"
                y="228"
              >
                <tspan
                  dy="0.71em"
                  x="255.55555555555554"
                />
              </text>
            </g>
            <g
              class="recharts-layer recharts-cartesian-axis-tick"
            >
              <text
                class="recharts-text recharts-cartesian-axis-tick-value"
                fill="#666"
                height="30"
                orientation="bottom"
                stroke="none"
                text-anchor="middle"
                width="440"
                x="304.44444444444446"
                y="228"
              >
                <tspan
                  dy="0.71em"
                  x="304.44444444444446"
                />
              </text>
            </g>
            <g
              class="recharts-layer recharts-cartesian-axis-tick"
            >
              <text
                class="recharts-text recharts-cartesian-axis-tick-value"
                fill="#666"
                height="30"
                orientation="bottom"
                stroke="none"
                text-anchor="middle"
                width="440"
                x="353.3333333333333"
                y="228"
              >
                <tspan
                  dy="0.71em"
                  x="353.3333333333333"
                />
              </text>
            </g>
            <g
              class="recharts-layer recharts-cartesian-axis-tick"
            >
              <text
                class="recharts-text recharts-cartesian-axis-tick-value"
                fill="#666"
                height="30"
                orientation="bottom"
                stroke="none"
                text-anchor="middle"
                width="440"
                x="402.2222222222222"
                y="228"
              >
                <tspan
                  dy="0.71em"
                  x="402.2222222222222"
                />
              </text>
            </g>
            <g
              class="recharts-layer recharts-cartesian-axis-tick"
            >
              <text
                class="recharts-text recharts-cartesian-axis-tick-value"
                fill="#666"
                height="30"
                orientation="bottom"
                stroke="none"
                text-anchor="middle"
                width="440"
                x="451.1111111111111"
                y="228"
              >
                <tspan
                  dy="0.71em"
                  x="451.1111111111111"
                />
              </text>
            </g>
            <g
              class="recharts-layer recharts-cartesian-axis-tick"
            >
              <text
                class="recharts-text recharts-cartesian-axis-tick-value"
                fill="#666"
                height="30"
                orientation="bottom"
                stroke="none"
                text-anchor="middle"
                width="440"
                x="500"
                y="228"
              >
                <tspan
                  dy="0.71em"
                  x="500"
                />
              </text>
            </g>
          </g>
        </g>
        <g
          class="recharts-layer recharts-line"
        >
          <path
            class="recharts-curve recharts-line-curve"
            fill="none"
            height="185"
            stroke="#006AFF"
            stroke-dasharray="0px 0px"
            stroke-width="1"
            width="440"
          />
        </g>
        <g
          class="recharts-layer recharts-area"
        >
          <g
            class="recharts-layer"
          >
            <defs>
              <clippath
                id="animationClipPath-recharts-area-6"
              >
                <rect
                  height="2"
                  width="0"
                  x="60"
                  y="0"
                />
              </clippath>
            </defs>
            <g
              class="recharts-layer"
              clip-path="url(#animationClipPath-recharts-area-6)"
            >
              <g
                class="recharts-layer"
              >
                <path
                  class="recharts-curve recharts-area-area"
                  fill="url(#color-value)"
                  fill-opacity="1"
                  height="185"
                  stroke="none"
                  stroke-width="2"
                  width="440"
                />
                <path
                  class="recharts-curve recharts-area-curve"
                  fill="none"
                  fill-opacity="1"
                  height="185"
                  stroke="#006AFF"
                  stroke-width="2"
                  width="440"
                />
              </g>
            </g>
          </g>
        </g>
        <defs>
          <lineargradient
            id="color-value"
            x1="0"
            x2="0"
            y1="0"
            y2="1"
          >
            <stop
              offset="5%"
              stop-color="#006AFF"
              stop-opacity="0.3"
            />
            <stop
              offset="95%"
              stop-color="#006AFF"
              stop-opacity="0"
            />
          </lineargradient>
        </defs>
        <g
          class="recharts-layer recharts-line"
        >
          <path
            class="recharts-curve recharts-line-curve"
            fill="none"
            height="185"
            stroke="#656575"
            stroke-dasharray="0px, 0px"
            stroke-width="1"
            width="440"
          />
        </g>
      </svg>
      <div
        class="recharts-tooltip-wrapper"
        role="dialog"
        style="transform: translate(undefinedpx, undefinedpx); pointer-events: none; visibility: hidden; position: absolute; top: 0px; left: 0px;"
        tabindex="-1"
      >
        <div
          class="recharts-default-tooltip"
          style="margin: 0px; padding: 10px; background-color: rgb(255, 255, 255); border: 1px solid #ccc; white-space: nowrap;"
        >
          <p
            class="recharts-tooltip-label"
            style="margin: 0px;"
          />
        </div>
      </div>
    </div>
  </div>
</div>
`;
