// Jest Snapshot v1, https://goo.gl/fbAQLP

exports[`Section should match snapshot 1`] = `
.c0 {
  margin-top: 1.25rem;
  border-radius: 0.5rem;
  padding-left: 1.75rem;
  padding-right: 1.75rem;
  padding-top: 2rem;
  padding-bottom: 2rem;
  --tw-shadow: 0px 8px 24px rgba(69, 69, 80, 0.1);
  --tw-shadow-colored: 0px 8px 24px var(--tw-shadow-color);
  box-shadow: var(--tw-ring-offset-shadow, 0 0 #0000),var(--tw-ring-shadow, 0 0 #0000),var(--tw-shadow);
}

<div>
  <div
    class="c0"
    data-testid="section"
  />
</div>
`;
