// Jest Snapshot v1, https://goo.gl/fbAQLP

exports[`Button should match snapshot 1`] = `
.c0 {
  border-radius: 0.25rem;
  font-weight: 500;
  --tw-text-opacity: 1;
  color: rgb(255 255 255 / var(--tw-text-opacity));
  transition-duration: 200ms;
  transition-timing-function: linear;
  display: flex;
  align-items: center;
  justify-content: center;
  --tw-bg-opacity: 1;
  background-color: rgb(0 106 255 / var(--tw-bg-opacity));
  height: 2.5rem;
  padding-left: 1.5rem;
  padding-right: 1.5rem;
}

.c0:hover {
  opacity: 0.8;
}

.c0:active {
  opacity: 0.7;
  --tw-shadow: 0 1px 3px 0 rgb(0 0 0 / 0.1),0 1px 2px -1px rgb(0 0 0 / 0.1);
  --tw-shadow-colored: 0 1px 3px 0 var(--tw-shadow-color),0 1px 2px -1px var(--tw-shadow-color);
  box-shadow: var(--tw-ring-offset-shadow, 0 0 #0000),var(--tw-ring-shadow, 0 0 #0000),var(--tw-shadow);
}

.c0:active {
  --tw-shadow-color: #006AFF;
  --tw-shadow: var(--tw-shadow-colored);
}

<div>
  <button
    class="c0"
  >
    <span />
    <span
      class=""
    >
      Button Label
    </span>
  </button>
</div>
`;
