// Jest Snapshot v1, https://goo.gl/fbAQLP

exports[`TimePicker should match snapshot 1`] = `
.c0 {
  position: relative;
  display: inline-block;
}

.c1 {
  position: absolute;
  left: 1rem;
  top: 50%;
  --tw-translate-y: -50%;
  transform: translate(var(--tw-translate-x), var(--tw-translate-y)) rotate(var(--tw-rotate)) skewX(var(--tw-skew-x)) skewY(var(--tw-skew-y)) scaleX(var(--tw-scale-x)) scaleY(var(--tw-scale-y));
  font-size: 1.5rem;
  line-height: 2rem;
  --tw-text-opacity: 1;
  color: rgb(101 101 117 / var(--tw-text-opacity));
}

.c2 {
  height: 3rem;
  border-radius: 0.5rem;
  --tw-text-opacity: 1;
  color: rgb(101 101 117 / var(--tw-text-opacity));
  outline: 2px solid transparent;
  outline-offset: 2px;
  border-width: 1px;
  border-style: solid;
  --tw-border-opacity: 1;
  border-color: rgb(222 222 222 / var(--tw-border-opacity));
  padding-left: 1rem;
}

<div>
  <div
    class="react-datepicker-wrapper w-auto"
  >
    <div
      class="react-datepicker__input-container"
    >
      <div
        class="c0"
      >
        <div
          class="c1"
        />
        <input
          class="c2"
          value="12:00 AM"
        />
      </div>
    </div>
  </div>
</div>
`;
